{
  "masked_text": "EMPLOYEE INFORMATION RECORD\n\nPersonal Information:\nName: *********************** of Birth: **************\nSocial Security Number: 123-45-6789\nDriver's License: DL987654321\n\nContact Information:\nPhone Number: [PHONE]\nMobile: [PHONE]\nEmail Address: [EMAIL]\nPersonal Email: [EMAIL]\n\nHome Address:\nStreet: 1234 Oak Street, Apt 5B\nCity: ***********\nState: ********\nZIP Code: 62701\nCountry: *************\n\nEmergency Contact:\nName: ********************\nRelationship: Spouse\nPhone: [PHONE]\nEmail: [EMAIL]\n\nEmployment Details:\nEmployee ID: EMP-[PHONE]\nStart Date: **********, 2023\nDepartment: Information **********\nPosition: Senior Software Engineer\nManager: ******************** Phone: [PHONE]\nExtension: 2345\n\nCompensation:\nBase Salary: $95,000\nBonus Eligible: Yes\nStock Options: 1,000 shares\n401k Match: 6%\n\nBanking Information:\nBank Name: First National Bank\nAccount Number: ****************\nRouting Number: [PHONE]\n\nHealth Information:\nInsurance Provider: BlueCross **********\nPolicy Number: BC123456789\nGroup Number: GRP001234\nPrimary Care Physician: Dr. *************\nPhone: [PHONE]\n\nAdditional Notes:\n- Security clearance: Level 2\n- Parking space: P-145\n- Badge number: *******\n- Last review date: ***********, 2023\n- Next review due: *****************",
  "entity_count": 25,
  "policy_hash": "64d612ef3d0e16bdfe2024a821255772e5a56b201c0bb334aa45e99ad1511413",
  "document_structure": {
    "name": "sample_employee_record",
    "text_items_count": 1
  }
}