{
  "entity_count": 37,
  "document_name": "medical_report",
  "text_items_count": 1,
  "policy_privacy_level": "PrivacyLevel.MEDIUM"
}