{
  "version": "1.1",
  "test_name": "regression_detection",
  "metrics": {
    "entities_detected": 4,
    "masked_length": 395,
    "cloakmap_size": 153,
    "has_phone_masking": false,
    "has_email_masking": false
  }
}